music 2 - sound, bee
film 2 - bond, tokyo
free 2 - park, penny
dive 2 - scuba diver, hospital
large 2 - walrus, scuba diver
